0
0
0
0
0
0
0
0
0
0
0
0
0
0
0
1 ca 
0
1 ca 
1 bbbb 
0
0
0
0
0
0
1 abaac 
1 aac 
0
3 bcba cacc a 
1 bc 
0
0
0
0
0
0
0
1 aaa 
1 bbbb 
0
0
0
1 aaa 
0
1 bb 
4 aac bc cacb aca 
0
0
0
0
0
0
1 bbbb 
0
1 cc 
0
0
0
0
0
0
2 bbcbc bba 
0
0
0
0
0
0
0
1 bacca 
0
0
1 ca 
0
0
0
0
0
0
1 c 
1 bb 
0
0
1 aab 
2 abba ccc 
0
1 abcc 
0
0
0
0
0
0
0
0
1 bb 
0
0
0
0
0
0
1 bcb 
0
0
0
0
0
0
0
2 bccbc aa 
0
0
0
0
0
1 cbb 
2 bccbc aa 
2 bbbc aabb 
1 cbc 
0
0
0
1 cbac 
0
1 ac 
0
2 acbc b 
1 cbac 
0
2 acbc b 
1 acabb 
0
0
0
2 a cbb 
0
1 cbc 
0
0
3 abbca b ca 
2 a cbb 
0
1 bcb 
0
2 a cbb 
0
0
3 abbca b ca 
2 abaac ccc 
1 bbba 
0
0
0
0
0
0
4 acbc b acca cacc 
1 baa 
1 ccbab 
0
1 aa 
0
1 aabcc 
0
4 acbc b acca cacc 
0
0
0
0
0
1 cc 
0
0
1 aa 
0
0
0
2 bacca babba 
2 cbac bcb 
2 aa ccbaa 
0
1 bacbb 
2 cbac bcb 
0
0
3 bcb babc ccba 
0
0
0
0
1 a 
0
0
0
0
1 ac 
0
1 bcbc 
1 c 
0
0
0
4 bc cabb aab cbacc 
2 ac bbcbc 
1 c 
0
0
2 bacca babba 
0
0
2 ac bbcbc 
0
0
0
1 baa 
0
2 cbc b 
0
0
0
1 b 
0
3 aacca bb caab 
2 abaac ccc 
0
5 babb abbb ccbca bbcc bacaa 
0
0
0
0
0
0
0
0
0
0
0
0
0
0
1 c 
0
0
2 baa cccaa 
0
0
0
0
0
0
0
1 baaa 
0
1 cbbca 
0
0
0
1 cc 
2 abb cbcc 
1 c 
0
0
0
0
0
2 ba aab 
1 bacca 
3 c baaca bcba 
0
0
1 bcb 
0
0
0
0
1 bcb 
0
0
3 c baaca bcba 
0
1 bcb 
3 c baaca bcba 
0
4 c baaca bcba caaba 
1 a 
0
0
0
0
3 abaac ccc cc 
0
0
3 bb abb acac 
1 aac 
0
0
0
0
0
0
0
1 bbc 
0
1 aa 
0
0
1 abacc 
2 abbc aa 
0
0
0
2 ba aab 
2 abbc aa 
1 bccca 
0
0
5 cb cbca aaca aabb b 
0
0
1 cbaa 
1 aab 
0
5 c baaca bcba caaba ccbcb 
3 bb abb acac 
0
5 c baaca bcba caaba ccbcb 
0
2 abbc aa 
1 cbaa 
0
1 ccccb 
3 ccbac caba caca 
0
3 b abbac c 
1 acc 
0
1 aab 
0
0
1 ccccb 
1 c 
0
0
1 bbc 
1 bbc 
0
0
0
2 cb bbbca 
3 abacc cbaa cc 
0
0
0
0
0
0
0
0
1 bbb 
1 c 
1 bbc 
0
1 acc 
1 aab 
1 cc 
1 baaac 
0
1 baaac 
0
0
2 bb caabb 
0
0
0
0
1 a 
1 ab 
1 aac 
3 cac a ab 
0
3 bb abb acac 
4 abacc cbaa cc ccbb 
1 acaaa 
0
2 ccb aaac 
5 aab acb cac bcabb c 
0
5 abacc cbaa cc ccbb aaabb 
0
3 abbca b ca 
1 a 
0
0
0
2 bba abbac 
0
2 bba abbac 
1 bbb 
0
1 cabb 
0
5 abacc cbaa cc ccbb aaabb 
1 ab 
0
6 cb cbca aaca aabb b bb 
0
0
0
1 ba 
0
3 acaaa bcc bbbb 
0
1 ab 
0
0
0
1 aab 
0
1 bbcbc 
1 bbc 
0
0
0
0
1 caa 
7 abacc cbaa cc ccbb aaabb acab bbbcc 
0
0
2 acabb a 
0
1 cbccc 
1 ca 
0
3 ccbac caba caca 
0
1 cbac 
1 cbccc 
1 bcabc 
3 abba ba cbccb 
0
1 c 
0
0
0
0
0
0
1 cb 
0
0
0
0
0
3 abba ba cbccb 
7 abacc cbaa cc aaabb acab bbbcc ac 
0
0
1 c 
0
3 bccca abbc ccb 
0
2 a aabbb 
0
1 caa 
1 aaaab 
0
0
1 ccacc 
1 bcab 
1 aaca 
1 a 
1 bc 
0
2 c aabc 
1 aaca 
2 ac bccc 
0
0
1 abcc 
1 aaca 
2 ac bccc 
0
0
2 cb bbbca 
1 cbbab 
0
0
0
3 baab aacaa baa 
1 bbc 
0
3 baab aacaa baa 
3 abaa c bc 
0
0
0
0
0
0
0
0
2 cb aacbb 
2 cb aacbb 
0
0
0
1 bba 
1 bba 
0
0
2 cb bbbca 
0
2 c aabc 
0
0
1 aaa 
1 cc 
1 cbca 
4 cac a ab bc 
0
0
2 b cbcb 
2 b cbcb 
4 cac a ab bc 
2 bbcbc bbb 
3 b cbcb bab 
1 bbb 
0
1 bbb 
1 ba 
2 caa bbab 
0
0
0
0
0
0
0
1 ac 
2 ba aab 
0
3 abaa c bc 
3 bbb caab a 
0
0
0
0
0
0
3 cabc a c 
1 baab 
0
1 ba 
1 ba 
5 bccca abbc ccb ba ca 
0
0
2 aacbb c 
2 bb c 
1 cb 
0
2 ccb aaac 
1 ccccc 
2 ba bba 
1 ba 
0
0
0
0
4 cac a ab bc 
0
1 caa 
0
0
0
0
0
0
5 bb abb acac bbc ccab 
0
1 bb 
0
1 bbabb 
0
0
0
0
0
0
0
2 ca cc 
0
3 abba ba cbccb 
2 cb cc 
0
1 cabb 
0
0
0
1 aab 
0
1 bb 
0
3 caa acac acca 
0
0
0
0
1 ac 
1 bb 
1 cabb 
0
0
0
0
1 bbabb 
0
2 baacc abcca 
1 ccccc 
0
0
0
0
1 aabc 
1 cabb 
0
0
2 baacc abcca 
4 cac a ab bc 
0
1 ca 
0
0
2 ba bba 
0
0
1 ccbb 
0
5 bccca abbc ccb ba ca 
1 ca 
1 ca 
4 cac a ab bc 
0
1 cabb 
2 ca baccc 
1 c 
0
2 ba bba 
0
1 bcb 
0
1 aacc 
0
1 bacba 
0
1 c 
0
0
1 ca 
0
0
0
0
0
0
1 ccbb 
0
1 bab 
0
1 ca 
0
0
0
0
2 ba bba 
1 aabc 
0
2 cabb bbac 
2 ac aacb 
0
0
1 bbc 
0
0
2 cb b 
1 bac 
1 aabc 
0
2 cabb bbac 
0
0
2 c cb 
0
1 ccbb 
0
1 aabc 
0
0
0
1 ccac 
0
0
0
0
3 cbc c aacb 
1 ba 
0
2 ac aacb 
0
0
1 aabac 
1 abaa 
5 cbacc ca caaa aaabb b 
0
0
1 abaa 
1 ab 
0
0
1 aab 
2 c cb 
0
0
0
0
1 cab 
0
3 c aabc bbba 
1 cc 
2 a abac 
0
1 ccbb 
0
2 b accbc 
1 bbabb 
1 ba 
0
0
0
0
0
0
0
1 cccab 
0
1 caac 
1 cc 
0
0
0
3 bbbbb ac acabc 
4 cccab a bb acba 
2 babb a 
0
1 cbba 
1 abccc 
0
0
1 bcbc 
1 aaab 
0
0
2 ca aa 
0
1 ca 
0
4 b accbc cbccb c 
0
1 baa 
4 abaa c bc a 
0
0
0
0
0
0
0
2 cc abc 
0
0
1 cbcb 
0
2 ba cba 
0
0
1 ca 
3 c bbbc ccb 
0
1 c 
0
3 c bbbc ccb 
0
1 c 
0
0
0
0
2 cc abc 
0
0
1 baa 
0
0
0
1 cbcb 
0
0
2 cc abc 
0
0
0
5 bab bbac ab bb a 
1 bcbc 
1 aabac 
3 ccac cbc cbabb 
0
0
0
0
0
3 aab bcabc b 
1 c 
2 bacab cc 
6 bab bbac ab bb a cc 
0
0
0
0
1 acac 
1 cb 
0
2 cabb acacb 
0
1 acaa 
3 caa bbab aabb 
0
1 c 
0
0
0
1 acac 
0
0
1 a 
1 aab 
0
1 bbc 
3 cb ba ac 
0
0
0
0
1 caac 
0
0
2 a ba 
0
0
2 bbaca ca 
0
0
2 ccb abcc 
2 ccb abcc 
0
2 ccb abcc 
0
0
0
0
2 ca aa 
1 bbab 
3 cbacb bbb baa 
3 bb c abcab 
0
0
2 ccbaa ca 
2 cabb acacb 
0
0
0
1 b 
1 baba 
0
0
0
1 baacc 
2 ccb abcc 
0
1 acbc 
0
0
0
0
2 ccbaa ca 
0
0
0
0
1 bcb 
0
0
0
1 cccc 
0
1 cccc 
2 ccb abcc 
0
0
0
0
2 b bac 
0
0
3 ab cab b 
2 ccb abcc 
1 ccac 
0
1 a 
0
1 ca 
0
0
0
4 babb a ccaba cb 
2 ccac bac 
1 aabba 
1 c 
0
0
1 cbba 
0
0
0
1 caac 
1 babab 
2 ccac bac 
0
0
1 cbba 
1 ccc 
0
1 bcbc 
2 a abac 
2 cbbca cc 
1 b 
1 cbba 
3 bbbbb ac acabc 
0
2 aaab cbc 
0
0
0
0
0
1 cbb 
0
0
0
0
1 cbbab 
1 aa 
2 bb ccc 
0
3 cbbab abc bbba 
0
0
0
1 bccc 
1 bb 
0
0
0
0
1 baabb 
1 cba 
5 ac aacb bcc b aa 
0
0
0
2 ccb aaac 
0
1 ba 
0
0
0
1 cabbc 
0
0
0
0
0
1 ba 
2 acbc abbb 
1 a 
0
1 bba 
0
3 b ccca cba 
0
0
0
0
1 caba 
0
0
0
3 b ccca cba 
0
0
0
1 ba 
0
0
0
2 accb bbc 
1 ba 
0
0
0
1 c 
0
0
0
2 cbabc bcc 
0
1 cbbca 
1 bcb 
0
0
1 a 
0
0
1 a 
0
4 abaac bb cabcb acb 
0
2 cbbca a 
0
4 cbbab a cc ca 
0
1 caaab 
0
3 cbbca a cbac 
0
0
0
1 cabbc 
0
1 caaab 
0
0
0
1 caaab 
0
0
1 babac 
0
5 ac aacb bcc b aa 
2 cbba bc 
1 ba 
0
0
1 baccb 
3 cccc bb cbbb 
0
0
3 cbba bc a 
2 acba a 
0
0
1 abccc 
0
0
3 caa c abbbb 
0
0
0
0
1 cbaba 
1 bca 
3 cccc bb cbbb 
0
0
0
3 ba c b 
0
1 bcbc 
2 ac babac 
5 ac aacb bcc b aa 
1 cabbc 
1 bbabc 
2 b bc 
0
0
2 bbaca ca 
3 b bc c 
1 ba 
1 cbc 
1 ba 
1 cca 
0
1 ba 
0
2 ba b 
0
0
3 b bc c 
0
3 b bc c 
0
5 ac aacb bcc b aa 
0
2 acba a 
1 acaca 
1 a 
0
1 c 
0
0
0
5 bca baa accaa accbc ccb 
2 cba b 
1 aaabc 
1 cabbc 
0
0
0
0
0
0
0
5 bca baa accaa accbc ccb 
1 aaabc 
1 ca 
1 bcc 
0
1 bbabc 
0
0
0
1 aaabc 
1 caab 
0
1 aa 
1 cb 
2 caab ccbb 
0
0
0
0
0
1 cb 
1 ccbb 
0
1 ccbb 
1 bac 
1 abccc 
1 b 
1 cabcb 
0
2 a acb 
1 ccbb 
0
1 ccba 
0
2 a acb 
3 cabbc cccc ca 
0
1 ccbb 
2 caba cbc 
0
0
0
1 bcc 
1 bc 
0
0
0
2 bcba ababc 
0
1 b 
0
2 bbcab a 
0
0
0
1 abccb 
1 aa 
0
0
0
2 bcc abcca 
1 aa 
3 ababb c a 
0
0
0
0
2 ca bab 
0
0
1 bc 
1 abccb 
1 cbc 
3 a bcc caa 
2 bc b 
4 bcc abcca ba ab 
3 cacb b ca 
0
4 bab cbc cccaa bbaa 
3 b cbc bbbbb 
0
2 bc b 
2 bbb abba 
2 bccc aacbc 
5 bb c abcab abac bbc 
1 abccb 
0
2 bc b 
3 caa c abbbb 
1 cbbc 
0
0
0
6 bab cbc cccaa bbaa b cabc 
0
0
0
1 cbac 
1 b 
8 ababb c a bbcb caaa bccb baa cc 
1 caa 
2 a bcbbc 
0
0
0
2 b cba 
0
0
0
2 b cba 
1 ac 
2 ac babac 
1 ccbbc 
0
0
0
0
0
1 aa 
0
0
0
1 cab 
1 cc 
1 abbcb 
0
0
0
1 b 
1 a 
0
1 c 
0
1 ab 
0
0
1 ccbcb 
0
1 b 
1 cb 
2 a acacb 
2 a acacb 
3 acac bba c 
0
0
3 bbccc b cab 
0
0
0
0
0
2 bc b 
4 bbcc aa aacb bacba 
1 cb 
0
0
1 cabcb 
0
1 cb 
0
1 cb 
0
0
2 bc b 
1 bbc 
1 abba 
3 b babc a 
2 ca bab 
0
1 abba 
0
0
0
0
0
0
2 abbca bac 
3 cbbca cc bcacc 
2 bbaba ac 
2 cbacb b 
0
0
1 a 
0
1 bbbb 
0
0
4 cabbc cccc ca cbcb 
0
0
0
1 c 
0
1 bbccc 
1 b 
1 bbb 
0
2 ca ba 
5 bcbc cc ba ac bbab 
0
2 ca ba 
3 bbccc baba a 
2 b caac 
2 bc bac 
0
1 aaac 
1 cbac 
0
3 ca ba abaca 
1 a 
2 bc bac 
0
3 ca ba abaca 
0
1 bacca 
0
3 baac abb c 
1 aa 
1 b 
1 b 
3 ca ba abaca 
3 cbacb b cbcba 
0
3 bbaba ac b 
0
0
0
0
1 b 
0
0
1 acba 
1 bcb 
1 ccba 
0
0
0
0
0
3 ccab bc babbc 
1 cbbcc 
1 baaca 
3 bacbb aaaaa cb 
2 bc cba 
0
1 bacba 
0
1 bbacb 
0
2 ac ba 
0
0
0
0
2 b bba 
0
0
1 cbaab 
0
5 baaca ca cc bcc aa 
1 ca 
2 cb caaba 
5 baaca ca cc bcc aa 
0
2 a b 
2 cb bcc 
0
1 bacb 
0
0
1 caacc 
0
0
3 cb bcc a 
1 c 
0
0
1 bcac 
0
3 cb caaba accbb 
1 aabb 
1 caab 
0
0
0
1 aacac 
3 bccc aacbc b 
0
1 cbc 
1 bacb 
2 b acb 
1 cac 
1 caab 
1 cac 
1 ccba 
1 ccba 
0
2 b acb 
0
0
1 ab 
2 ac ba 
0
1 ca 
2 ba aacba 
2 b acb 
1 acb 
4 ca cc a c 
0
0
0
0
4 b cca ba cb 
2 acbb abcbc 
2 acbb abcbc 
2 acbb abcbc 
1 a 
0
3 bab ab aca 
0
0
0
0
0
3 cb caaba accbb 
0
0
0
0
1 aba 
0
0
0
2 ba aacba 
0
7 bcb bbab ccabb accca b abcbb bcacc 
0
1 c 
0
0
1 ccba 
0
0
0
0
3 aba abb bbc 
3 cb caaba accbb 
0
0
0
4 cbbc c caac cbb 
0
0
3 caba cbc aaa 
0
1 cbac 
2 ab ccbb 
0
0
0
0
1 ccb 
0
2 acaca aacb 
2 bbc cac 
2 bbbb a 
0
1 aabca 
2 acaca aacb 
1 caba 
0
0
0
0
1 a 
0
1 ccb 
0
0
1 aac 
0
2 bbbb a 
1 aac 
0
0
0
1 caba 
0
2 aac aaccc 
1 caba 
0
0
1 acc 
1 cbba 
1 ccb 
0
0
0
5 cb caaba accbb cacba c 
0
0
0
0
0
3 bab a c 
0
1 acbc 
2 bbbb cab 
3 bab a c 
2 acb c 
0
1 cbcbc 
0
0
0
0
1 caba 
2 bbbb cab 
0
3 bacbb aaaaa cb 
0
0
2 bbbb cab 
0
1 bccc 
2 bbbb cab 
5 bb c abcab abac bbc 
0
0
0
1 c 
2 ca ba 
0
2 cbbba accca 
2 acaca aacb 
0
3 caab babaa ba 
0
2 cabcb a 
0
0
0
2 c abba 
1 cbb 
2 c abba 
4 a b ccb bca 
0
1 cc 
0
0
0
0
0
2 bca acaa 
5 cb caaba accbb cacba c 
3 aacaa caaaa ccb 
1 abccc 
4 a b ccb bca 
0
0
0
0
1 a 
1 a 
3 a bcc caa 
0
5 caab babaa ba c aacba 
1 aa 
0
0
0
0
1 ccb 
0
6 cb caaba accbb cacba c ba 
1 aa 
0
1 abcbc 
1 cbc 
0
2 cbbca cabc 
0
4 a b ccb bca 
2 aabca bcb 
2 c abba 
0
2 bcbc bc 
1 ccba 
0
0
0
0
0
0
0
2 bccc aacbc 
2 bcbb bb 
0
0
0
2 cab caa 
1 bbaac 
0
1 ab 
0
2 aa bb 
0
0
3 b aa cb 
1 bbaac 
1 bbaac 
0
0
7 cb caaba accbb cacba c ba bcb 
0
2 acb c 
0
0
2 bca acaa 
0
0
0
2 aaac bccc 
0
0
0
1 b 
0
3 a bcc caa 
3 b aaa bbc 
0
0
1 bba 
1 bacb 
1 aabbc 
0
2 c cccba 
4 c abba a aab 
4 bcbb bbc babab accc 
0
0
0
0
4 a b ccb bca 
1 aabbc 
0
0
0
2 c cccba 
1 b 
1 bba 
2 accaa ccaaa 
0
0
0
1 babac 
0
2 ba aacba 
0
0
1 b 
0
0
0
0
0
0
4 c abba a aab 
0
0
0
1 cba 
4 c abba a aab 
2 c ccc 
2 cbb bb 
0
3 aacac babc acbc 
3 a bbc aaca 
2 cc b 
0
0
0
0
1 abaab 
0
1 abbb 
0
1 cc 
1 b 
3 cacaa a b 
0
1 a 
1 bbbb 
1 a 
0
1 ccaa 
2 c ccc 
0
0
1 bacba 
0
1 bc 
1 c 
0
1 b 
1 ccccb 
1 babac 
0
1 b 
0
1 bc 
1 cca 
0
1 b 
1 c 
0
0
1 aa 
6 c abba a aab bc b 
0
1 ca 
1 bbcba 
2 cb bbbbc 
0
3 abbb baab bbaab 
1 b 
0
0
1 ab 
2 b aca 
0
0
2 b aca 
0
2 a cabcb 
2 acbbb cbcb 
3 c cccba bbbcc 
0
0
0
0
0
0
0
2 bb abaab 
1 bbb 
0
1 aaaa 
0
1 cbbb 
0
0
0
0
0
0
1 caa 
1 bbb 
2 c cabb 
0
0
0
3 ccac bb ccaba 
0
0
0
2 cb bbbbc 
0
7 c abba a aab bc b ca 
0
1 cbcbc 
0
1 cccaa 
4 bbaac bbcb a c 
1 baac 
0
0
1 bc 
0
0
1 cccaa 
0
0
0
1 acbbc 
1 bcbc 
0
3 cc b cacb 
1 ab 
0
2 bc acccb 
0
0
3 bcabb cac bbcbc 
4 bcbb bb bbca bbb 
1 cc 
0
1 cb 
0
1 caab 
0
3 cacaa a b 
2 accaa ccaaa 
1 babac 
1 c 
0
0
1 ac 
1 b 
1 abab 
1 cbcbc 
2 bbbab aa 
0
0
0
1 c 
1 ac 
0
1 aaa 
0
0
1 cccaa 
0
0
1 ac 
1 aaaac 
0
0
2 abb b 
0
1 aaa 
3 bb bcbb cbab 
0
1 cbbb 
0
1 abab 
0
1 abbc 
0
0
3 ba aacba cba 
0
1 aa 
2 abb b 
2 abc acac 
1 aaa 
1 ba 
2 c ccc 
0
4 bb abcab abac bbc 
1 ac 
0
0
0
0
2 bac b 
2 abb b 
1 aaa 
0
0
3 bac b abb 
1 ac 
1 aaa 
2 bcb b 
2 cbaab accc 
0
1 ac 
0
0
1 b 
1 cbcac 
3 bb baa cc 
0
1 b 
2 cacaa a 
0
0
1 c 
1 babac 
0
0
1 abc 
1 aaa 
1 a 
0
1 bba 
1 cbacc 
0
0
0
0
1 bab 
0
0
2 ca baac 
3 ac ab a 
2 abbab aaacb 
1 babac 
3 ac ab a 
2 abbab aaacb 
3 ac ab a 
2 ac cac 
0
4 bbcbc ca bbab a 
1 bcaa 
0
1 bab 
0
0
1 ababb 
2 bbba baacb 
3 ac ab a 
3 ac ab a 
0
2 acbbb cbcb 
0
2 abbab aaacb 
0
2 abbab aaacb 
0
2 b aa 
4 ababc abab aaca bcb 
0
0
1 bbcbc 
0
1 bbcbc 
4 ac a abbbc c 
1 cbc 
1 bbcbc 
1 cb 
0
3 abbab aaacb cacaa 
1 aaa 
3 abbab aaacb cacaa 
0
1 a 
1 aaa 
0
0
1 bcca 
1 cbc 
1 aaa 
0
3 abbab aaacb cacaa 
3 abbab aaacb cacaa 
2 bccb cbcc 
0
0
0
0
1 bcca 
0
0
0
0
1 bbca 
1 bc 
0
0
3 bb bcbb cbab 
0
0
1 ac 
0
2 bb aabac 
0
0
0
0
0
1 cb 
1 cbcac 
0
1 cab 
0
2 cbbb bbac 
0
0
0
2 aaaa bca 
0
2 a b 
2 c bca 
4 aa abc ccbab cab 
0
0
1 bba 
0
0
1 abbc 
1 abaa 
1 bc 
0
1 bc 
0
0
1 bbac 
0
3 cbbab cabbc bbc 
0
2 bab bcbac 
2 bcca cabb 
5 baabb aab bbb abb cbaac 
0
3 b abccb ba 
0
1 c 
1 aa 
0
0
1 bba 
1 ac 
1 ac 
0
1 ab 
0
0
3 bcca cabb acb 
3 bcbbb acc bcbb 
1 aabc 
2 b baa 
1 abcca 
1 abcca 
0
0
0
1 b 
0
0
0
3 cbbab cabbc bbc 
5 ac cac cacc ba cbcba 
0
4 bba baab ccac b 
0
0
0
0
2 c bcb 
1 cc 
0
3 baaba a cc 
2 bcb baccc 
0
0
0
1 babac 
0
0
1 cacba 
2 cab a 
0
5 bba baab ccac b a 
0
5 bba baab ccac b a 
5 bcabb cac bbcbc cccb abbbb 
0
3 cbbab cabbc bbc 
0
1 aaacb 
0
1 bbcba 
1 bcac 
0
0
4 acaca aacb cbb bcca 
4 acaca aacb cbb bcca 
1 aabab 
0
0
1 caac 
1 c 
1 aaaac 
0
1 ab 
1 cc 
0
0
1 bb 
1 abccc 
1 bb 
1 cc 
0
1 cc 
0
4 baaba a cc aaac 
1 cc 
1 bb 
1 c 
0
0
0
0
1 cc 
1 acaa 
3 abaab cba aac 
1 cc 
0
1 cc 
0
0
0
0
1 cab 
0
2 acaac bba 
0
0
0
0
1 ab 
4 aa abc ccbab cab 
0
1 bcc 
2 a bc 
1 abc 
1 cc 
1 aacbc 
0
1 bb 
1 caba 
2 aca babab 
0
1 c 
0
0
0
0
3 b abccb ba 
0
0
3 abaab cba aac 
1 acaca 
0
2 c ccc 
1 c 
0
1 cc 
2 c ccc 
5 baabb aab bbb abb cbaac 
0
0
0
2 cccca a 
1 ba 
1 acaba 
0
1 abc 
0
4 bab bcbac b acc 
0
1 aa 
2 cc b 
0
2 ba bbbc 
3 bb baa cc 
0
4 aa abc ccbab cab 
0
0
0
0
0
0
6 ac cac cacc ba cbcba cbaca 
0
0
1 ac 
2 ba bbbc 
0
0
1 ac 
1 cca 
2 abaa baacb 
0
0
0
4 baac aab cbaba a 
1 bab 
0
0
0
0
2 acaca abcbb 
0
0
1 aaba 
5 ba bbbc aa cca acbba 
1 aaba 
0
1 aab 
1 ccc 
1 cb 
0
0
2 caba bcbbc 
0
0
2 cbaa accb 
1 cbc 
0
1 bacba 
0
1 acbac 
4 ab cab b c 
4 bab bcbac b acc 
0
0
0
0
1 c 
0
0
2 bbaca ca 
2 a ca 
0
0
0
0
1 acbac 
0
0
4 bab bcbac b acc 
0
1 ac 
0
4 c bca ab ac 
1 c 
0
8 baaba a cc aaac b cb c caab 
3 aaba ccbc b 
0
0
1 ccc 
0
0
0
2 ab b 
0
0
0
0
1 ccc 
0
2 cc aca 
2 ca cc 
3 bab bcbac b 
0
0
2 bcc cbc 
0
0
0
0
1 cb 
1 baab 
0
0
0
2 ccba cacbb 
1 bbc 
2 c cccab 
0
0
0
1 bcaba 
1 a 
0
0
1 a 
1 a 
1 ca 
2 bcc cbc 
1 c 
0
1 aac 
1 c 
0
0
1 acbac 
3 ccc abc cbaba 
0
0
1 caa 
2 abca bac 
1 acb 
4 cabb abcc cbbb bcab 
0
0
4 cabb abcc cbbb bcab 
5 caa c abbbb caab baba 
0
0
1 cacb 
0
0
3 aac ccb cb 
1 ca 
0
0
1 cb 
3 abccc bcc aaaab 
0
0
3 ba aacba cba 
4 aac ccb cb c 
1 ac 
1 aac 
0
1 c 
2 cbaa accb 
1 c 
0
1 cabb 
1 bbacb 
1 aa 
0
0
1 aac 
0
0
3 caba cbc aaa 
0
1 a 
0
1 aab 
0
0
1 bbac 
0
2 bcc ac 
0
0
1 acbca 
1 acac 
0
0
0
1 ab 
0
1 c 
0
2 bcab acb 
0
0
0
1 bbc 
2 cccb ccac 
2 bbb ccbac 
1 b 
1 cb 
0
3 abaab cba aac 
1 cbc 
2 ca baac 
0
1 a 
0
1 caaab 
2 abc cbca 
0
0
2 ba b 
1 cb 
3 ccc c cc 
1 acab 
0
1 cb 
4 ccaa cccc bb a 
1 babb 
2 ba b 
2 abac cbacc 
0
2 cb ccb 
0
2 caabc a 
2 bcb b 
0
0
0
0
2 abac cbacc 
0
0
1 ab 
0
0
1 baab 
1 c 
0
0
1 bcccb 
0
0
1 aaaac 
0
5 caa c abbbb caab baba 
1 cabb 
0
3 abac cbacc bb 
0
0
0
2 abc cbca 
2 abc cbca 
0
0
0
1 ccbcb 
0
1 bb 
0
4 bbab caacc ccaab acbc 
1 c 
0
0
0
0
2 baca b 
2 b abbc 
3 acc ab cbcb 
3 acc ab cbcb 
0
0
3 b abbc c 
0
1 b 
3 b abbc c 
0
1 babbc 
0
1 a 
1 cbb 
1 ccaaa 
0
2 cbaa accb 
1 aaa 
0
0
1 acac 
1 cb 
0
0
1 a 
1 cc 
0
1 cc 
0
5 caa c abbbb caab baba 
0
2 cb c 
0
0
2 ca cc 
2 cbaa accb 
1 b 
0
6 b bccca baac bc bbbca aba 
2 ca baac 
0
1 b 
0
3 c aa cab 
0
0
1 acaab 
2 acaab aac 
0
1 cacc 
0
0
3 cb ccb cbca 
0
1 a 
0
1 bacbc 
0
2 a b 
1 aaa 
0
0
0
0
0
0
5 aab ccbc abc bbc bcbbb 
1 b 
2 acbbb cbcb 
0
0
0
0
1 bbb 
0
1 bcbca 
0
1 aba 
1 cbcca 
0
0
0
0
1 babbc 
0
0
1 bbba 
0
0
1 cccac 
0
2 abca bac 
3 bac aba acbba 
1 c 
2 ac ba 
