0
0
0
0
0
1 cc
0
0
0
1 bbb
0
0
0
0
0
0
1 aaca
0
0
0
0
0
0
0
0
0
0
1 bccac
1 cb
0
1 bc
3 aab aaaaa bacc
1 aaca
0
1 ca
0
0
0
0
0
0
0
0
0
0
0
0
2 aab cbbab
1 bccac
1 cbbb
0
1 ba
1 ba
2 aab cbbab
0
0
0
0
0
1 babaa
0
0
0
0
0
0
0
0
0
1 abbbc
0
1 ccbbb
0
0
1 cbaa
1 abbbc
1 cc
0
1 cb
0
0
1 a
2 ac cab
0
0
0
0
1 a
2 bb cbaa
0
1 cac
0
1 c
0
0
1 bb
0
1 cbbbc
1 ba
0
0
1 abbbc
0
3 cac baa ccba
1 ca
0
1 ba
0
0
2 c cab
1 aaa
0
0
0
0
1 ba
0
1 aaa
0
1 ac
0
0
0
1 cbbbc
0
0
1 bba
0
0
2 c cab
2 ac b
0
0
0
0
0
0
1 bba
0
0
0
1 bbc
0
0
0
0
0
1 baa
0
1 abb
0
0
0
1 a
1 bacb
0
0
0
0
0
0
2 aa aca
0
0
0
0
0
0
0
5 ba abaa ca bc ccc
2 b bba
2 caacc cbccc
0
0
0
0
1 cb
1 bab
0
1 cabbb
1 a
1 cabbb
2 aaa abc
0
1 cabbb
0
0
0
0
0
0
1 b
0
0
1 ac
0
1 a
4 baa a bc bcabc
0
0
0
0
0
0
0
0
0
0
0
0
0
1 ccbb
0
2 ba cca
0
0
0
1 c
1 ca
0
2 acac c
0
0
0
0
0
1 cc
0
3 abc aaa cb
1 babbb
0
1 cc
0
0
0
2 acbab cc
0
2 acbab cc
0
0
0
0
0
1 aab
0
1 a
0
0
0
3 bbac aaba ccccc
0
1 aa
2 aa cc
3 ab a cccac
0
0
1 acbcc
0
0
0
2 ba cca
0
0
2 acca cacc
0
0
0
0
0
0
1 abba
1 b
4 abcbc aaabb bab bbcc
0
1 acc
0
0
0
2 a bb
0
0
0
0
0
2 abab babcb
7 abcbc aaabb bbcc bab bba c ccb
2 babbb bca
0
0
1 cca
0
1 cbbca
1 cca
0
0
1 ab
1 ab
2 accc b
1 bbb
0
0
2 baaa bbb
0
0
0
0
1 c
0
0
0
0
0
0
1 b
0
0
2 abab babcb
1 aac
0
1 cbbbb
0
0
0
1 abaab
0
0
1 abaab
0
0
2 a ac
2 abab babcb
2 b bc
1 ab
0
1 ab
0
0
0
0
0
0
0
0
0
1 cc
0
0
3 abab aac babcb
1 acb
3 bbaba acb bbcc
3 bbba ba cca
3 bcccb baba c
1 cbbbb
0
0
0
0
0
0
3 ac aaa b
0
0
2 c caa
0
3 bcccb baba c
0
0
1 a
0
2 babbb bca
0
0
1 ab
0
3 c a caa
0
4 cb b cbcc ccc
2 abcc bbca
2 bbb bbbb
0
0
1 a
0
0
1 cb
1 ccab
1 baab
0
1 abba
1 cb
0
1 b
2 a acc
1 bbcab
0
2 a aabb
1 baab
0
0
0
0
2 a ccb
0
1 ba
0
0
1 bac
0
0
0
3 abacb a ccb
2 abba c
2 a bb
0
2 baacc cc
2 bbca c
0
0
0
0
0
2 a abb
0
1 c
1 baac
1 baac
0
1 b
1 b
1 c
0
1 baac
0
2 baacc cc
0
0
0
1 bac
2 baac ccc
1 b
1 bbaac
0
0
0
0
0
2 baac ccc
0
0
0
0
0
0
1 cc
0
0
1 a
1 a
1 bcbb
0
0
6 b a cb baabb cbcc ccc
0
0
0
0
0
0
3 accc aca cacb
1 cbabb
0
0
0
0
0
0
0
2 aaac bac
5 bcc aa cbab c cccbc
0
0
0
0
0
0
0
0
0
0
0
2 babc c
3 b aaac ccba
2 aaac bac
0
4 acaaa a babbb ccbb
1 accab
2 baa bbc
1 b
5 abbcc abaaa bbaac b bca
0
0
2 babc c
1 a
1 a
1 cb
1 bab
0
0
1 bbcb
0
2 babc c
0
0
0
0
2 babc c
0
0
1 bcbac
2 bbab cc
0
1 bcbac
0
0
0
0
2 abcc bcbac
2 b ccbb
3 caacc a cbcbb
2 abcc bcbac
3 caacc a cbcbb
1 bcbb
2 abcc bcbac
1 ccabc
1 cabb
0
1 acaca
3 caacc a cbcbb
3 accb aaac bac
0
0
2 a cab
1 ba
1 cb
0
4 baacc acb baaaa cc
1 ac
1 cabb
0
1 acaaa
0
4 acbb abcc bbcca bcbac
1 ba
1 bcaaa
0
0
4 babbb acaaa cabcb ccbb
0
3 cc c ccc
6 bcc aa cbab c caab cccbc
2 a cab
0
0
0
0
0
0
0
0
1 acabb
0
1 babb
2 a acc
0
0
0
0
0
1 baba
0
1 aaaa
1 acbc
4 cc aa c ccc
0
1 b
1 aacc
0
0
0
1 cabb
0
1 ccbcc
1 aacb
1 a
1 aacc
0
0
2 bbbcc ccbbc
0
0
0
0
0
0
0
0
1 acccc
1 cbccc
0
0
0
0
0
0
0
0
0
0
1 ccb
1 ccb
2 bbbb bcb
0
1 ccb
0
0
0
1 ababa
0
2 bbbcc ccbbc
1 cbc
0
4 cc aa c ccc
0
1 cb
0
2 bbab cc
0
3 c a cbba
0
0
0
0
0
0
0
3 aabaa a cbc
0
3 aabaa a cbc
3 aabaa a cbc
0
1 a
2 baac cbb
0
0
0
2 ba baac
0
0
2 cba ccb
4 cbac c cbc cbccb
1 ab
0
1 aabc
0
2 accab accc
0
0
0
1 aac
2 a cca
0
0
0
0
0
2 accab accc
0
0
1 ccba
1 baaa
1 bcba
0
0
2 aa ab
1 c
8 bcc abcc aa bacca cbab c caab cccbc
0
1 accb
0
0
0
1 cbbba
0
0
2 ac accac
1 bbc
0
0
1 bbc
1 ccbca
0
0
1 ab
0
2 bbcc ccc
1 bbb
0
2 bbb bc
0
3 acabc aaaaa ccbcb
0
2 aacc c
0
0
3 bb aa c
2 b bb
3 bcac aa ccccb
1 aab
0
0
2 abb caccb
0
2 bcbcb ccc
1 acccb
0
1 cbcc
0
1 acccb
0
2 a acc
0
1 acccb
1 cb
0
0
1 cabbc
4 bbb a bc c
2 bbbcc ccbbc
0
0
0
0
3 baa a ccbb
0
1 cbcc
1 baaa
0
2 bac ccbca
1 babcc
0
1 cb
0
0
0
3 bbb aacc c
1 bbaaa
0
0
1 babcc
1 b
0
1 cb
0
0
1 c
4 b a ca cabb
4 bacc aaac ab ccba
0
5 baacc acb baaaa c cc
1 ccabb
1 c
4 b a ca cabb
1 caaba
1 cbb
0
1 ccabb
1 baacb
1 b
0
1 cb
1 bbccb
2 bccb cca
4 c bbab cc ccacc
0
2 bccb cca
2 baac cbb
2 accb ba
2 a cab
0
1 bcab
2 aa cc
1 bbb
0
1 c
0
1 bc
0
0
0
2 aabc bb
0
1 baaa
1 bcab
1 bcab
2 baac cbb
3 bca b bccba
1 bc
0
0
0
0
0
0
0
0
0
5 baacc acb baaaa c cc
0
1 cc
1 aaacc
0
0
1 accca
0
0
0
1 acba
1 c
0
1 baaa
0
0
3 cc cbcaa ccc
1 cc
0
0
1 baaa
1 ab
2 bbbc cbb
4 bacc aaac ab ccba
0
1 b
1 accca
2 bbbc cbb
0
0
0
2 aa cc
2 aabc bb
1 ccbcc
1 caaca
0
0
1 ccbcc
0
1 cacaa
1 cb
0
1 b
3 b abcb bac
1 acba
0
0
0
2 aa c
0
2 aa c
2 ab b
3 cc cbcaa ccc
0
0
0
0
0
0
3 cc cbcaa ccc
4 acc aa aabb c
2 accb ba
0
0
1 ababa
0
0
0
0
0
0
1 bc
1 c
6 aabb aa acc ac c cc
2 aaccb baaaa
1 c
0
2 aaccb baaaa
2 a c
2 aaccb baaaa
2 aabc bb
1 aabb
0
0
1 baaa
1 bbcbc
5 cbac c cbc cbb cbccb
0
1 ccc
0
0
1 aab
2 caa cbbbb
3 caa bbbcb cbbbb
3 baa a c
3 caa bbbcb cbbbb
2 bc c
0
4 bacc aaac ab ccba
1 ab
3 baa a c
3 caa bbbcb cbbbb
0
0
1 bbcbc
1 bbbab
0
1 bc
1 acc
0
0
0
0
0
0
0
0
1 c
1 acc
3 c a cbba
0
2 a bb
0
5 bba aabab acb cb cccaa
2 a aa
0
0
0
0
0
1 ab
1 cbbcb
0
2 accab accc
3 bcb abab c
4 caa abbcb bbbcb cbbbb
1 bacc
0
3 abb aa bc
4 caa abbcb bbbcb cbbbb
0
3 ca bbcc ccc
0
0
4 caa abbcb bbbcb cbbbb
0
0
0
0
2 bac bbc
0
2 bacc bcab
2 bacc bcab
2 bacc bcab
0
0
0
4 bc aaabb aba c
0
1 caab
1 c
2 bacc bcab
0
0
0
2 aabb bb
0
1 c
1 bb
0
0
0
2 aacb baa
2 a c
1 b
1 b
1 bcaa
1 bcaa
0
1 bcaa
0
1 cacc
0
0
1 bcaa
1 bcaa
0
1 bba
4 b abb abc caccb
0
1 abca
1 bba
0
2 bbcb c
1 c
0
0
0
3 aabcc a c
1 bcbba
0
0
3 ca bacb cbc
0
1 b
2 bc bcba
0
0
0
0
0
0
0
0
0
2 cbcbc cc
0
1 cb
1 bc
1 cb
3 bc ba c
1 abcc
0
2 cbcbc cc
1 c
1 b
2 cbcbc cc
0
2 bbbba bc
1 bc
3 aabcc a c
0
0
0
2 a caba
0
0
1 c
1 cb
1 ccca
0
0
1 b
1 ccca
0
0
1 ccca
1 bb
1 c
0
5 cbcbc b cbba cc ccc
0
0
0
1 b
3 ccba b cccbb
1 aaba
0
2 abcc b
0
0
0
2 bac cbcbc
1 aab
1 aacca
1 aca
3 c a cbba
0
0
1 cb
1 bcabb
2 a cb
0
0
0
0
2 a cb
0
0
0
1 aacca
3 bc ba c
0
1 a
0
2 ababa bbb
1 cab
2 ab ba
2 a acc
3 bc bbbba caacb
0
1 cab
0
3 bcba ac cabb
0
1 ccbc
0
0
0
4 accbc a bcb cb
0
0
0
3 bc bbbba caacb
0
1 c
1 abbaa
1 bb
2 ac cbc
2 baacb bb
2 caab ccc
4 bbaba acb b bbcc
2 ba c
1 c
6 accbc a ab c bcb cb
0
0
1 ca
5 accbc a ab bcb cb
0
0
0
3 bc ba c
0
2 caab ccc
6 accbc a ab bcb b cb
0
0
1 cccb
1 bbbab
7 accbc a ab bcb b cb cbacc
2 ac b
0
1 b
2 aac bacca
0
2 ab baacc
0
1 cba
0
0
2 bbabb ccac
0
0
2 bbabb ccac
3 bb aabc cacb
1 bcac
0
1 b
3 bc b bcba
0
0
2 ba baac
0
1 c
0
0
0
1 aabba
0
1 a
3 bc b bcba
2 ba c
1 a
1 a
1 c
0
1 c
0
0
0
1 c
0
0
1 aac
1 b
0
1 aac
3 b aa cc
2 abcba cc
0
0
0
0
0
2 a bbb
0
0
0
0
3 bcba ac cabb
0
0
0
1 bcbba
0
0
0
1 a
0
0
1 bba
1 bccaa
0
1 b
5 abab aabb cbaaa caa cccb
0
2 bcaba cac
0
2 accab accc
2 aaa bab
1 bb
2 abac bb
0
0
0
1 a
1 cca
0
1 bb
0
0
0
0
0
0
0
0
1 b
0
0
2 abcba cc
0
0
2 abcba cc
1 abb
0
3 cac bcaba ccccc
0
2 a bcbb
1 ac
2 a bcbb
2 cb cbabc
0
0
0
0
0
1 bb
0
0
1 ab
1 ab
2 abcba cc
1 abcb
0
1 ababc
2 ba cab
0
0
0
1 bbb
0
0
1 abb
0
1 bcbb
3 baac ba bc
2 ac b
0
0
0
0
1 bb
1 a
0
2 aa bb
2 ac b
0
0
0
0
2 a c
1 bb
0
1 abb
0
1 cbabc
0
0
0
1 a
0
0
0
0
0
0
0
1 bccb
1 bac
0
2 bbbc bbbca
0
2 abba bbabb
1 b
0
7 ca abab aabb bb cbaaa caa cccb
3 bbaac baaab cb
0
0
0
0
1 b
1 c
1 a
1 aca
1 aa
1 a
1 b
0
0
0
0
1 b
0
2 b bcab
0
0
0
0
2 b bcab
1 bab
0
1 bb
0
0
0
2 bccab ccccb
0
0
1 baaa
0
0
0
3 b acb bcab
0
2 abbcb abcbc
2 bccab ccccb
0
1 cc
0
2 abbcb abcbc
0
2 bc c
0
0
0
1 bacac
0
3 b aaba cabcc
1 bac
0
0
2 aaacc ccbcb
4 bbaaa a bba cccb
3 abaa aaaab cb
0
0
2 bc cb
1 c
1 bb
1 baaa
1 a
0
3 bccab bb ccccb
3 bccab bb ccccb
0
2 bbc cbbcc
1 b
0
1 bc
0
2 bc cb
0
1 b
0
1 b
0
0
0
0
0
2 baaa caaab
2 abb baca
0
2 baaa caaab
2 abbca acbbb
0
3 abaa aaaab cb
0
2 aac bacca
2 abca ba
1 b
0
0
1 bcabb
0
1 bc
0
0
1 bcac
0
1 a
0
2 b cbaa
0
3 bbbbc ab caac
3 caab c ccc
2 bc c
0
1 bcbba
1 acccb
2 b cbaa
2 abb baca
2 b cbaa
1 ac
2 b cbaa
3 b aaba cabcc
0
4 abab ab b cacbb
2 baab babbb
3 bb aabc cacb
0
0
2 acccb bb
2 bb cbc
1 bac
1 a
1 ac
0
2 acccb bb
0
1 bac
0
1 ccc
0
1 ac
1 a
3 accc a c
3 bbbc baaa caaab
1 cbb
0
0
1 aaab
1 bbb
0
3 c bbacb ca
2 acccb bb
0
0
0
3 bbbc baaa caaab
0
1 bbb
3 aa a aacb
0
1 cccc
0
0
1 bbb
2 bcaa cba
0
0
3 bb acccb caa
0
1 cccc
1 aac
0
0
2 aaac caabb
0
1 bbb
1 acbbb
0
1 caab
3 bb acccb caa
0
1 cccac
0
1 accc
1 bcbba
1 caa
0
0
1 abacc
0
2 abb b
1 cc
0
0
1 accc
1 cccac
1 cccac
1 cccac
0
1 accc
0
0
0
1 accc
0
3 abbcb aab bb
2 aa caabc
2 abaca accc
1 cbbcb
0
1 aac
1 bbb
0
0
0
0
0
1 bacc
0
3 ab aaab bbba
0
0
0
1 aaa
0
0
0
2 a abbc
0
1 aaab
0
0
2 bc c
1 bbaa
1 aaa
0
0
0
0
0
0
0
0
0
3 bbb a cbc
0
0
1 b
0
4 cacb ac accca cbcca
0
0
1 bac
0
0
1 cba
0
2 aac ccbcb
1 bacc
3 cba bcaa cca
3 aca a cc
0
0
1 acbbb
1 abacc
1 b
1 ab
2 bba bcbb
1 cbca
1 bac
1 cac
1 bca
0
0
1 cac
2 bba bcbb
3 aca a cc
1 bac
0
1 cac
0
2 acabb cbbcb
1 bac
0
1 b
0
1 bac
0
3 abbc a cac
3 abbc a cac
0
0
0
0
3 ab aaab bbba
0
0
2 abbbb ccbaa
0
0
2 aac ccbcb
1 b
1 caaba
0
0
0
0
6 b a cabb ca cbbc cc
0
0
0
0
0
2 a ab
1 abbb
2 abbbb ccbaa
0
0
0
1 a
2 bac ca
0
0
0
1 abbb
1 caaba
0
2 ac bacab
1 abbb
0
0
0
1 babcc
2 bbacb ca
0
1 a
1 a
1 acacb
0
0
1 a
0
0
0
0
2 bcc ccac
0
0
1 bccb
1 c
2 acbac cbcb
0
0
0
1 b
0
0
0
1 ccc
0
0
1 abbb
6 bcc aacc bca ccab cbbba ccac
1 bab
1 bab
1 aa
0
0
0
1 b
0
4 bbc aaab ba cab
1 aacb
0
0
0
1 bb
4 acaa a ababa bcab
0
0
4 bac a bccc caab
0
0
0
0
0
2 abb cb
1 c
2 aac ccbcb
2 bc c
4 aca a abcc cc
0
2 ab c
6 babc a aab caacb c ccbab
1 bbc
3 bbcc abab caaba
3 baccc b ccb
1 ab
2 b ba
0
3 bbcc abab caaba
0
0
1 cbba
1 b
0
0
0
0
4 bac a bccc caab
1 c
0
0
0
2 aacb c
2 abbb c
0
0
0
5 b acabb cccb cbbcb cccba
2 abbbb ccbaa
0
2 aac ccbcb
4 acc a ca ccba
1 bbbbc
1 ab
6 babc a aab caacb c ccbab
0
5 bb a c bcca caccc
0
2 aac abbb
0
1 bbbbc
5 aacc aaaa bcc abb cba
0
7 aaba a acaa aaca ababa b bcab
0
2 abbb c
0
2 aac ccbcb
0
0
0
0
0
1 ccacb
5 b acabb cccb cbbcb cccba
1 ab
4 abab ab b cacbb
0
2 b c
0
1 b
2 b c
1 ccacb
1 bbaa
1 bbbc
0
0
2 a ccacb
1 baaa
3 accca a ccacb
0
0
0
0
1 acc
1 cba
1 ac
1 ab
0
0
0
0
1 ac
5 b acabb cccb cbbcb cccba
0
0
1 cba
0
0
0
0
5 accc a c bb cac
0
2 ac bbc
2 aa c
0
0
0
0
4 bba aaac baaa bbcab
5 aca a abcc bbb cc
4 cabcc abcc caaac cccab
2 aba aca
0
3 abaa aaaab cb
0
2 a babaa
3 bbc ac bca
2 baacb bb
6 bbcc abab caaba caa cb cbbbc
0
1 ab
2 baacb bb
1 c
0
1 cc
0
0
0
3 b a babaa
2 abb bccba
0
5 bac a bccc bca caab
5 b a cbbc cabb cc
1 cbca
5 b acabb cccb cbbcb cccba
4 acc a ca ccba
1 bccb
2 abb bbccc
0
0
1 a
0
4 cabcc abcc caaac cccab
0
0
0
0
1 cc
0
1 bbca
0
3 b aaccb caac
0
1 abac
0
1 ac
0
5 b abcc cabcc caaac cccab
0
1 ccc
0
1 ac
0
3 b a babaa
1 c
0
0
0
6 bbcc abab caaba caa cb cbbbc
0
1 cbcc
2 a cc
0
0
1 b
0
0
0
0
1 bbaa
0
0
1 ab
0
0
1 bcbcc
2 abcab cac
1 bbcba
0
1 bbcba
0
0
2 bbcba cbba
0
1 ac
0
1 baacc
0
3 cbba bbcba cbccc
4 c aa ab cc
0
0
2 a b
0
0
4 cbba aaca bbcba cbccc
0
2 aba aca
4 cbba aaca bbcba cbccc
0
2 bcacc ccb
0
0
0
1 bcc
0
0
1 baab
0
0
3 c a cc
2 aa bcc
2 bac ccb
1 aa
5 abbcc aaca cbba bbcba cbccc
0
0
0
1 ca
0
0
2 aac abbb
2 ca cccca
2 ca cccca
1 c
0
2 ac cbc
2 accac bcabb
0
0
0
1 bbaa
0
0
0
0
0
1 cccb
1 cc
0
0
0
2 c caba
0
1 bb
1 baa
1 abc
0
3 b aabb cbcba
0
0
4 aca a abab caa
1 a
0
0
4 baacc aaab ab c
0
0
0
0
0
0
0
0
0
4 aca a abcc bbb
4 aca a abab caa
2 b ccbc
0
0
0
1 bcbba
6 ab aa c bac bbc cc
0
2 aaabc bb
1 ccab
1 a
0
1 bcb
1 bcb
1 c
1 bacba
3 cbc abcc cc
1 bcb
0
3 b abcba cca
0
0
0
1 caac
0
2 acc cbc
0
1 abac
0
0
3 baaa acabc cab
0
1 ac
0
0
2 b ccbc
0
2 acbaa cabca
3 bbbc b cccc
3 bac ab bc
3 aa a ccb
0
0
0
2 abb bbccc
0
0
0
2 bcbba bccbc
2 bbbcb cb
1 ccb
0
0
0
2 bbbcb cb
0
0
0
0
1 bca
0
4 ac aaabc cabc cacb
1 bcab
1 c
0
0
0
0
1 aaa
1 bb
1 abac
1 abac
1 abac
0
0
0
0
0
0
1 bb
0
2 c cc
1 ba
2 abcba cca
2 bb ccaaa
0
0
1 a
0
0
0
0
0
0
0
3 abbcb aab bb
0
0
1 caa
1 bac
1 cc
3 cbbba c cbccc
0
0
0
0
5 bcccb b bb ca ccaaa
0
0
0
0
0
0
1 caa
1 caa
5 bcccb b bb ca ccaaa
1 acab
0
0
1 bc
1 aac
1 aacca
0
0
1 a
2 acac ccc
0
0
2 aac ba
0
0
0
2 a aa
0
3 bbccc abb cbc
2 ab cbac
0
0
0
0
0
1 bbaa
1 cbcc
0
0
0
2 a bb
0
1 acccc
0
2 bcbac cac
2 acbca babb
3 acaa aba bbaac
3 acaa aba bbaac
3 acaa aba bbaac
1 cc
3 ba aac bcaa
1 aa
1 ca
0
0
0
0
0
2 acb caa
0
3 bbaba bacac c
0
3 ba aac bcaa
1 ac
0
0
1 acab
1 b
0
3 acac a acacb
0
0
0
0
0
0
0
2 ab cbac
0
0
0
2 aac bcaa
0
0
0
0
0
0
0
0
2 a c
2 aac ccbcb
1 acc
2 acbb cac
0
0
3 bac babba cacb
0
1 cacc
0
1 cacc
2 b bbcbc
0
0
1 cacc
2 a ccab
1 bc
1 acab
1 ccaa
1 baba
1 acab
0
1 a
1 bbaa
0
0
0
0
0
1 baba
1 a
0
2 b bccaa
0
0
0
0
3 b abb c
1 b
2 aac ccbcb
0
1 baba
1 ca
3 b aabcb bccaa
0
0
3 aa a bcbb
0
0
0
0
0
0
0
1 bbcbb
0
0
1 cc
0
0
5 b a cbbc cabb cc
2 b ccbac
2 baba bbb
2 baba bbb
4 cbc bba bc cbcac
2 aab acbbb
0
2 bcc caa
2 aab acbbb
1 bc
0
1 bbcca
0
0
0
0
0
0
4 b acac bb ccc
0
3 bbb ba bc
0
1 cacba
3 baca accaa cabca
1 c
0
0
0
1 bc
2 caa ccabb
0
2 baa bcbba
0
4 b accb babac cbccc
0
3 bbb ba bc
2 bbaa ca
0
4 acaac aaccc bcb cbbc
4 b accb babac cbccc
0
1 bbcca
1 babb
0
1 c
2 acbba bb
3 bac aca cabac
0
6 b aaaa accb caaaa babac cbccc
6 b aaaa accb caaaa babac cbccc
0
1 aab
1 ab
1 ba
1 bbcb
0
1 a
0
0
6 bb a aca c bcca caccc
1 a
0
0
0
0
3 cacbb a cc
3 aa a ccb
0
0
1 bbcca
0
0
4 b abb bcc c
0
0
1 bbcca
1 bca
0
1 bc
0
3 bcc a cb
1 cb
1 ccaa
0
4 bbb aa ba bc
1 ccaa
0
2 ab cabcc
1 cb
0
0
1 aa
0
2 cabbb ccaa
0
3 bbc aacc cbca
0
1 abbc
0
0
0
0
0
3 ab aaa cabcc
1 acc
1 bb
1 bb
4 acac a aa acacb
0
3 ab aaa cabcc
2 aa acaaa
0
1 baa
0
0
1 bc
0
2 aa acaaa
2 bcc caa
2 cabbb ccaa
1 acc
0
0
1 cbcbc
0
6 ba aa abba bbb babb bc
0
0
3 bcba aaa cabcc
1 bcab
0
3 bcba aaa cabcc
1 aab
0
4 b aaba bc bca
3 bcba aaa cabcc
0
0
3 bcba aaa cabcc
0
3 bcba aaa cabcc
1 bc
1 aaca
2 bbcc caac
0
1 bc
1 cbb
0
1 ba
3 acaaa aa caa
0
1 bcbbb
1 cbcc
1 acc
2 abc bccaa
0
6 aac aaa bcba bcaa cabcc cb
2 a bbb
0
0
1 ba
1 caacc
0
4 bba aa abbab bcbca
0
2 bbaa cabcc
0
0
0
5 b a cabb bac cc
1 c
1 caccc
2 bcbcc ccbb
2 bba c
2 bcbcc ccbb
1 bcab
2 abc bccaa
1 a
0
3 ac abac caca
0
0
1 baa
1 acba
6 aa a bcbaa aacb c cbcca
0
1 acc
0
0
1 acba
0
1 abb
2 a bccac
0
0
0
1 c
0
1 acca
0
0
0
4 acccb aaccb c cbcb
0
3 caab c cca
1 baaba
1 a
0
2 abc bccaa
1 cc
1 a
3 bbaaa aaba ccaa
0
0
1 c
0
0
1 cbb
0
0
0
